---
source: crates/llm/src/golden_tests.rs
description: src/tests/response/anthropic/stream_thinking.json
---
data: {"id":"msg_018XasA6jgabsibaUtstx4bg","choices":[{"index":0,"delta":{"content":null,"role":"assistant","reasoning_content":"The user is"}}],"created":123,"model":"claude-opus-4-6","service_tier":"standard","system_fingerprint":null,"object":"chat.completion.chunk","usage":null}

data: {"id":"msg_018XasA6jgabsibaUtstx4bg","choices":[{"index":0,"delta":{"content":null,"reasoning_content":" asking me about the weather in"}}],"created":123,"model":"claude-opus-4-6","service_tier":"standard","system_fingerprint":null,"object":"chat.completion.chunk","usage":null}

data: {"id":"msg_018XasA6jgabsibaUtstx4bg","choices":[{"index":0,"delta":{"content":null,"reasoning_content":" San Francisco. However, I don"}}],"created":123,"model":"claude-opus-4-6","service_tier":"standard","system_fingerprint":null,"object":"chat.completion.chunk","usage":null}

data: {"id":"msg_018XasA6jgabsibaUtstx4bg","choices":[{"index":0,"delta":{"content":null,"reasoning_content":"d suggest how they can get current weather information."}}],"created":123,"model":"claude-opus-4-6","service_tier":"standard","system_fingerprint":null,"object":"chat.completion.chunk","usage":null}

data: {"id":"msg_018XasA6jgabsibaUtstx4bg","choices":[{"index":0,"delta":{"content":"I don't have access to real"}}],"created":123,"model":"claude-opus-4-6","service_tier":"standard","system_fingerprint":null,"object":"chat.completion.chunk","usage":null}

data: {"id":"msg_018XasA6jgabsibaUtstx4bg","choices":[{"index":0,"delta":{"content":"\" in your browser\n\nIs there something"}}],"created":123,"model":"claude-opus-4-6","service_tier":"standard","system_fingerprint":null,"object":"chat.completion.chunk","usage":null}

data: {"id":"msg_018XasA6jgabsibaUtstx4bg","choices":[{"index":0,"delta":{"content":" specific about San Francisco's climate patterns"}}],"created":123,"model":"claude-opus-4-6","service_tier":"standard","system_fingerprint":null,"object":"chat.completion.chunk","usage":null}

data: {"id":"msg_018XasA6jgabsibaUtstx4bg","choices":[{"index":0,"delta":{"content":" you'd like to know more about?"}}],"created":123,"model":"claude-opus-4-6","service_tier":"standard","system_fingerprint":null,"object":"chat.completion.chunk","usage":null}

data: {"id":"msg_018XasA6jgabsibaUtstx4bg","choices":[{"index":0,"delta":{"content":null},"finish_reason":"stop"}],"created":123,"model":"claude-opus-4-6","service_tier":"standard","system_fingerprint":null,"object":"chat.completion.chunk","usage":{"prompt_tokens":47,"completion_tokens":264,"total_tokens":311,"prompt_tokens_details":{"cached_tokens":0,"cache_write_tokens":0},"cache_read_input_tokens":0,"cache_creation_input_tokens":0}}

data: [DONE]



{
  "input_tokens": 47,
  "output_tokens": 264,
  "total_tokens": 311,
  "cache_creation_input_tokens": 0,
  "cached_input_tokens": 0,
  "service_tier": "standard",
  "provider_model": "claude-opus-4-6",
  "completion": [
    "I don't have access to real\" in your browser\n\nIs there something specific about San Francisco's climate patterns you'd like to know more about?"
  ]
}
