---
source: crates/llm/src/golden_tests.rs
description: src/tests/response/anthropic/stream_basic.json
---
data: {"id":"msg_016wbjv5k86nxxd8CEZwSQnA","choices":[{"index":0,"delta":{"content":"Hi there! How are","role":"assistant"}}],"created":123,"model":"claude-haiku-4-5-20251001","service_tier":"standard","system_fingerprint":null,"object":"chat.completion.chunk","usage":null}

data: {"id":"msg_016wbjv5k86nxxd8CEZwSQnA","choices":[{"index":0,"delta":{"content":" you doing today?"}}],"created":123,"model":"claude-haiku-4-5-20251001","service_tier":"standard","system_fingerprint":null,"object":"chat.completion.chunk","usage":null}

data: {"id":"msg_016wbjv5k86nxxd8CEZwSQnA","choices":[{"index":0,"delta":{"content":" Is"}}],"created":123,"model":"claude-haiku-4-5-20251001","service_tier":"standard","system_fingerprint":null,"object":"chat.completion.chunk","usage":null}

data: {"id":"msg_016wbjv5k86nxxd8CEZwSQnA","choices":[{"index":0,"delta":{"content":" there anything I can help"}}],"created":123,"model":"claude-haiku-4-5-20251001","service_tier":"standard","system_fingerprint":null,"object":"chat.completion.chunk","usage":null}

data: {"id":"msg_016wbjv5k86nxxd8CEZwSQnA","choices":[{"index":0,"delta":{"content":" you with?"}}],"created":123,"model":"claude-haiku-4-5-20251001","service_tier":"standard","system_fingerprint":null,"object":"chat.completion.chunk","usage":null}

data: {"id":"msg_016wbjv5k86nxxd8CEZwSQnA","choices":[{"index":0,"delta":{"content":null},"finish_reason":"stop"}],"created":123,"model":"claude-haiku-4-5-20251001","service_tier":"standard","system_fingerprint":null,"object":"chat.completion.chunk","usage":{"prompt_tokens":15,"completion_tokens":21,"total_tokens":36,"prompt_tokens_details":{"cached_tokens":0,"cache_write_tokens":0},"cache_read_input_tokens":0,"cache_creation_input_tokens":0}}

data: [DONE]



{
  "input_tokens": 15,
  "output_tokens": 21,
  "total_tokens": 36,
  "cache_creation_input_tokens": 0,
  "cached_input_tokens": 0,
  "service_tier": "standard",
  "provider_model": "claude-haiku-4-5-20251001",
  "completion": [
    "Hi there! How are you doing today? Is there anything I can help you with?"
  ]
}
